root@ip-172-31-32-4:~# git clone   https://pkg.jenkins.io/debian-stable/jenkins.io-2023.key
Cloning into 'jenkins.io-2023.key'...
fatal: repository 'https://pkg.jenkins.io/debian-stable/jenkins.io-2023.key/' not found
root@ip-172-31-32-4:~# echo "deb [signed-by=/usr/share/keyrings/jenkins-keyring.asc]" \
  https://pkg.jenkins.io/debian-stable binary/ | sudo tee \
  /etc/apt/sources.list.d/jenkins.list > /dev/null
root@ip-172-31-32-4:~# sudo apt-get update
Hit:1 http://us-east-1.ec2.archive.ubuntu.com/ubuntu noble InRelease
Hit:2 http://us-east-1.ec2.archive.ubuntu.com/ubuntu noble-updates InRelease                        
Hit:3 http://us-east-1.ec2.archive.ubuntu.com/ubuntu noble-backports InRelease                      
Hit:4 http://security.ubuntu.com/ubuntu noble-security InRelease                                    
Ign:5 https://pkg.jenkins.io/debian-stable binary/ InRelease          
Get:6 https://pkg.jenkins.io/debian-stable binary/ Release [2044 B]
Get:7 https://pkg.jenkins.io/debian-stable binary/ Release.gpg [833 B]
Get:8 https://pkg.jenkins.io/debian-stable binary/ Packages [27.9 kB]
Fetched 30.8 kB in 1s (58.7 kB/s)   
Reading package lists... Done
root@ip-172-31-32-4:~# sudo apt-get install jenkins
Reading package lists... Done
Building dependency tree... Done
Reading state information... Done
jenkins is already the newest version (2.479).
0 upgraded, 0 newly installed, 0 to remove and 6 not upgraded.
root@ip-172-31-32-4:~#  sudo wget -O /usr/share/keyrings/jenkins-keyring.asc \
    https://pkg.jenkins.io/debian-stable/jenkins.io-2023.key
--2024-10-08 13:51:18--  https://pkg.jenkins.io/debian-stable/jenkins.io-2023.key
Resolving pkg.jenkins.io (pkg.jenkins.io)... 146.75.34.133, 2a04:4e42:78::645
Connecting to pkg.jenkins.io (pkg.jenkins.io)|146.75.34.133|:443... connected.
HTTP request sent, awaiting response... 200 OK
Length: 3175 (3.1K) [application/pgp-keys]
Saving to: ‘/usr/share/keyrings/jenkins-keyring.asc’

/usr/share/keyrings/jenkins-keyring. 100%[===================================================================>]   3.10K  --.-KB/s    in 0s      

2024-10-08 13:51:18 (64.3 MB/s) - ‘/usr/share/keyrings/jenkins-keyring.asc’ saved [3175/3175]

root@ip-172-31-32-4:~#  echo "deb [signed-by=/usr/share/keyrings/jenkins-keyring.asc]" \
    https://pkg.jenkins.io/debian-stable binary/ | sudo tee \
    /etc/apt/sources.list.d/jenkins.list > /dev/null
  
root@ip-172-31-32-4:~# sudo apt-get install fontconfig openjdk-17-jre
Reading package lists... Done
Building dependency tree... Done
Reading state information... Done
The following additional packages will be installed:
  adwaita-icon-theme gtk-update-icon-cache hicolor-icon-theme humanity-icon-theme libcairo-gobject2 libcairo2 libdatrie1 libdeflate0
  libgail-common libgail18t64 libgdk-pixbuf-2.0-0 libgdk-pixbuf2.0-bin libgdk-pixbuf2.0-common libgtk2.0-0t64 libgtk2.0-bin libgtk2.0-common
  libjbig0 liblerc4 libpango-1.0-0 libpangocairo-1.0-0 libpangoft2-1.0-0 libpixman-1-0 librsvg2-2 librsvg2-common libsharpyuv0 libthai-data
  libthai0 libtiff6 libwebp7 libxcb-render0 libxcursor1 libxdamage1 openjdk-17-jre-headless ubuntu-mono
Suggested packages:
  gvfs librsvg2-bin libnss-mdns fonts-ipafont-gothic fonts-ipafont-mincho fonts-wqy-microhei | fonts-wqy-zenhei fonts-indic
The following NEW packages will be installed:
  adwaita-icon-theme fontconfig gtk-update-icon-cache hicolor-icon-theme humanity-icon-theme libcairo-gobject2 libcairo2 libdatrie1 libdeflate0
  libgail-common libgail18t64 libgdk-pixbuf-2.0-0 libgdk-pixbuf2.0-bin libgdk-pixbuf2.0-common libgtk2.0-0t64 libgtk2.0-bin libgtk2.0-common
  libjbig0 liblerc4 libpango-1.0-0 libpangocairo-1.0-0 libpangoft2-1.0-0 libpixman-1-0 librsvg2-2 librsvg2-common libsharpyuv0 libthai-data
  libthai0 libtiff6 libwebp7 libxcb-render0 libxcursor1 libxdamage1 openjdk-17-jre openjdk-17-jre-headless ubuntu-mono
0 upgraded, 36 newly installed, 0 to remove and 6 not upgraded.
Need to get 57.3 MB of archives.
After this operation, 254 MB of additional disk space will be used.
Do you want to continue? [Y/n] y
Get:1 http://us-east-1.ec2.archive.ubuntu.com/ubuntu noble-updates/main amd64 libgdk-pixbuf2.0-common all 2.42.10+dfsg-3ubuntu3.1 [8024 B]
Get:2 http://us-east-1.ec2.archive.ubuntu.com/ubuntu noble-updates/main amd64 libdeflate0 amd64 1.19-1build1.1 [43.9 kB]
Get:3 http://us-east-1.ec2.archive.ubuntu.com/ubuntu noble/main amd64 libjbig0 amd64 2.1-6.1ubuntu2 [29.7 kB]
Get:4 http://us-east-1.ec2.archive.ubuntu.com/ubuntu noble/main amd64 liblerc4 amd64 4.0.0+ds-4ubuntu2 [179 kB]
Get:5 http://us-east-1.ec2.archive.ubuntu.com/ubuntu noble/main amd64 libsharpyuv0 amd64 1.3.2-0.4build3 [15.8 kB]
Get:6 http://us-east-1.ec2.archive.ubuntu.com/ubuntu noble/main amd64 libwebp7 amd64 1.3.2-0.4build3 [230 kB]
Get:7 http://us-east-1.ec2.archive.ubuntu.com/ubuntu noble-updates/main amd64 libtiff6 amd64 4.5.1+git230720-4ubuntu2.2 [199 kB]
Get:8 http://us-east-1.ec2.archive.ubuntu.com/ubuntu noble-updates/main amd64 libgdk-pixbuf-2.0-0 amd64 2.42.10+dfsg-3ubuntu3.1 [147 kB]
Get:9 http://us-east-1.ec2.archive.ubuntu.com/ubuntu noble-updates/main amd64 gtk-update-icon-cache amd64 3.24.41-4ubuntu1.1 [51.7 kB]
Get:10 http://us-east-1.ec2.archive.ubuntu.com/ubuntu noble/main amd64 hicolor-icon-theme all 0.17-2 [9976 B]
Get:11 http://us-east-1.ec2.archive.ubuntu.com/ubuntu noble/main amd64 humanity-icon-theme all 0.6.16 [1282 kB]
Get:12 http://us-east-1.ec2.archive.ubuntu.com/ubuntu noble/main amd64 ubuntu-mono all 24.04-0ubuntu1 [151 kB]
Get:13 http://us-east-1.ec2.archive.ubuntu.com/ubuntu noble/main amd64 adwaita-icon-theme all 46.0-1 [723 kB]
Get:14 http://us-east-1.ec2.archive.ubuntu.com/ubuntu noble/main amd64 fontconfig amd64 2.15.0-1.1ubuntu2 [180 kB]
Get:15 http://us-east-1.ec2.archive.ubuntu.com/ubuntu noble/main amd64 libpixman-1-0 amd64 0.42.2-1build1 [279 kB]
Get:16 http://us-east-1.ec2.archive.ubuntu.com/ubuntu noble/main amd64 libxcb-render0 amd64 1.15-1ubuntu2 [16.2 kB]
Get:17 http://us-east-1.ec2.archive.ubuntu.com/ubuntu noble/main amd64 libcairo2 amd64 1.18.0-3build1 [566 kB]
Get:18 http://us-east-1.ec2.archive.ubuntu.com/ubuntu noble/main amd64 libcairo-gobject2 amd64 1.18.0-3build1 [127 kB]
Get:19 http://us-east-1.ec2.archive.ubuntu.com/ubuntu noble/main amd64 libdatrie1 amd64 0.2.13-3build1 [19.0 kB]
Get:20 http://us-east-1.ec2.archive.ubuntu.com/ubuntu noble-updates/main amd64 libgtk2.0-common all 2.24.33-4ubuntu1.1 [127 kB]
Get:21 http://us-east-1.ec2.archive.ubuntu.com/ubuntu noble/main amd64 libthai-data all 0.1.29-2build1 [158 kB]
Get:22 http://us-east-1.ec2.archive.ubuntu.com/ubuntu noble/main amd64 libthai0 amd64 0.1.29-2build1 [18.9 kB]
Get:23 http://us-east-1.ec2.archive.ubuntu.com/ubuntu noble/main amd64 libpango-1.0-0 amd64 1.52.1+ds-1build1 [231 kB]
Get:24 http://us-east-1.ec2.archive.ubuntu.com/ubuntu noble/main amd64 libpangoft2-1.0-0 amd64 1.52.1+ds-1build1 [42.5 kB]
Get:25 http://us-east-1.ec2.archive.ubuntu.com/ubuntu noble/main amd64 libpangocairo-1.0-0 amd64 1.52.1+ds-1build1 [28.8 kB]
Get:26 http://us-east-1.ec2.archive.ubuntu.com/ubuntu noble/main amd64 libxcursor1 amd64 1:1.2.1-1build1 [20.7 kB]
Get:27 http://us-east-1.ec2.archive.ubuntu.com/ubuntu noble/main amd64 libxdamage1 amd64 1:1.1.6-1build1 [6150 B]
Get:28 http://us-east-1.ec2.archive.ubuntu.com/ubuntu noble-updates/main amd64 libgtk2.0-0t64 amd64 2.24.33-4ubuntu1.1 [2006 kB]
Get:29 http://us-east-1.ec2.archive.ubuntu.com/ubuntu noble-updates/main amd64 libgail18t64 amd64 2.24.33-4ubuntu1.1 [15.9 kB]
Get:30 http://us-east-1.ec2.archive.ubuntu.com/ubuntu noble-updates/main amd64 libgail-common amd64 2.24.33-4ubuntu1.1 [126 kB]
Get:31 http://us-east-1.ec2.archive.ubuntu.com/ubuntu noble-updates/main amd64 libgdk-pixbuf2.0-bin amd64 2.42.10+dfsg-3ubuntu3.1 [13.9 kB]
Get:32 http://us-east-1.ec2.archive.ubuntu.com/ubuntu noble-updates/main amd64 libgtk2.0-bin amd64 2.24.33-4ubuntu1.1 [7954 B]
Get:33 http://us-east-1.ec2.archive.ubuntu.com/ubuntu noble/main amd64 librsvg2-2 amd64 2.58.0+dfsg-1build1 [2135 kB]
Get:34 http://us-east-1.ec2.archive.ubuntu.com/ubuntu noble/main amd64 librsvg2-common amd64 2.58.0+dfsg-1build1 [11.8 kB]
Get:35 http://us-east-1.ec2.archive.ubuntu.com/ubuntu noble-updates/main amd64 openjdk-17-jre-headless amd64 17.0.12+7-1ubuntu2~24.04 [47.9 MB]
Get:36 http://us-east-1.ec2.archive.ubuntu.com/ubuntu noble-updates/main amd64 openjdk-17-jre amd64 17.0.12+7-1ubuntu2~24.04 [198 kB]
Fetched 57.3 MB in 1s (71.4 MB/s)                    
Extracting templates from packages: 100%
Selecting previously unselected package libgdk-pixbuf2.0-common.
(Reading database ... 69753 files and directories currently installed.)
Preparing to unpack .../00-libgdk-pixbuf2.0-common_2.42.10+dfsg-3ubuntu3.1_all.deb ...
Unpacking libgdk-pixbuf2.0-common (2.42.10+dfsg-3ubuntu3.1) ...
Selecting previously unselected package libdeflate0:amd64.
Preparing to unpack .../01-libdeflate0_1.19-1build1.1_amd64.deb ...
Unpacking libdeflate0:amd64 (1.19-1build1.1) ...
Selecting previously unselected package libjbig0:amd64.
Preparing to unpack .../02-libjbig0_2.1-6.1ubuntu2_amd64.deb ...
Unpacking libjbig0:amd64 (2.1-6.1ubuntu2) ...
Selecting previously unselected package liblerc4:amd64.
Preparing to unpack .../03-liblerc4_4.0.0+ds-4ubuntu2_amd64.deb ...
Unpacking liblerc4:amd64 (4.0.0+ds-4ubuntu2) ...
Selecting previously unselected package libsharpyuv0:amd64.
Preparing to unpack .../04-libsharpyuv0_1.3.2-0.4build3_amd64.deb ...
Unpacking libsharpyuv0:amd64 (1.3.2-0.4build3) ...
Selecting previously unselected package libwebp7:amd64.
Preparing to unpack .../05-libwebp7_1.3.2-0.4build3_amd64.deb ...
Unpacking libwebp7:amd64 (1.3.2-0.4build3) ...
Selecting previously unselected package libtiff6:amd64.
Preparing to unpack .../06-libtiff6_4.5.1+git230720-4ubuntu2.2_amd64.deb ...
Unpacking libtiff6:amd64 (4.5.1+git230720-4ubuntu2.2) ...
Selecting previously unselected package libgdk-pixbuf-2.0-0:amd64.
Preparing to unpack .../07-libgdk-pixbuf-2.0-0_2.42.10+dfsg-3ubuntu3.1_amd64.deb ...
Unpacking libgdk-pixbuf-2.0-0:amd64 (2.42.10+dfsg-3ubuntu3.1) ...
Selecting previously unselected package gtk-update-icon-cache.
Preparing to unpack .../08-gtk-update-icon-cache_3.24.41-4ubuntu1.1_amd64.deb ...
Unpacking gtk-update-icon-cache (3.24.41-4ubuntu1.1) ...
Selecting previously unselected package hicolor-icon-theme.
Preparing to unpack .../09-hicolor-icon-theme_0.17-2_all.deb ...
Unpacking hicolor-icon-theme (0.17-2) ...
Selecting previously unselected package humanity-icon-theme.
Preparing to unpack .../10-humanity-icon-theme_0.6.16_all.deb ...
Unpacking humanity-icon-theme (0.6.16) ...
Selecting previously unselected package ubuntu-mono.
Preparing to unpack .../11-ubuntu-mono_24.04-0ubuntu1_all.deb ...
Unpacking ubuntu-mono (24.04-0ubuntu1) ...
Selecting previously unselected package adwaita-icon-theme.
Preparing to unpack .../12-adwaita-icon-theme_46.0-1_all.deb ...
Unpacking adwaita-icon-theme (46.0-1) ...
Selecting previously unselected package fontconfig.
Preparing to unpack .../13-fontconfig_2.15.0-1.1ubuntu2_amd64.deb ...
Unpacking fontconfig (2.15.0-1.1ubuntu2) ...
Selecting previously unselected package libpixman-1-0:amd64.
Preparing to unpack .../14-libpixman-1-0_0.42.2-1build1_amd64.deb ...
Unpacking libpixman-1-0:amd64 (0.42.2-1build1) ...
Selecting previously unselected package libxcb-render0:amd64.
Preparing to unpack .../15-libxcb-render0_1.15-1ubuntu2_amd64.deb ...
Unpacking libxcb-render0:amd64 (1.15-1ubuntu2) ...
Selecting previously unselected package libcairo2:amd64.
Preparing to unpack .../16-libcairo2_1.18.0-3build1_amd64.deb ...
Unpacking libcairo2:amd64 (1.18.0-3build1) ...
Selecting previously unselected package libcairo-gobject2:amd64.
Preparing to unpack .../17-libcairo-gobject2_1.18.0-3build1_amd64.deb ...
Unpacking libcairo-gobject2:amd64 (1.18.0-3build1) ...
Selecting previously unselected package libdatrie1:amd64.
Preparing to unpack .../18-libdatrie1_0.2.13-3build1_amd64.deb ...
Unpacking libdatrie1:amd64 (0.2.13-3build1) ...
Selecting previously unselected package libgtk2.0-common.
Preparing to unpack .../19-libgtk2.0-common_2.24.33-4ubuntu1.1_all.deb ...
Unpacking libgtk2.0-common (2.24.33-4ubuntu1.1) ...
Selecting previously unselected package libthai-data.
Preparing to unpack .../20-libthai-data_0.1.29-2build1_all.deb ...
Unpacking libthai-data (0.1.29-2build1) ...
Selecting previously unselected package libthai0:amd64.
Preparing to unpack .../21-libthai0_0.1.29-2build1_amd64.deb ...
Unpacking libthai0:amd64 (0.1.29-2build1) ...
Selecting previously unselected package libpango-1.0-0:amd64.
Preparing to unpack .../22-libpango-1.0-0_1.52.1+ds-1build1_amd64.deb ...
Unpacking libpango-1.0-0:amd64 (1.52.1+ds-1build1) ...
Selecting previously unselected package libpangoft2-1.0-0:amd64.
Preparing to unpack .../23-libpangoft2-1.0-0_1.52.1+ds-1build1_amd64.deb ...
Unpacking libpangoft2-1.0-0:amd64 (1.52.1+ds-1build1) ...
Selecting previously unselected package libpangocairo-1.0-0:amd64.
Preparing to unpack .../24-libpangocairo-1.0-0_1.52.1+ds-1build1_amd64.deb ...
Unpacking libpangocairo-1.0-0:amd64 (1.52.1+ds-1build1) ...
Selecting previously unselected package libxcursor1:amd64.
Preparing to unpack .../25-libxcursor1_1%3a1.2.1-1build1_amd64.deb ...
Unpacking libxcursor1:amd64 (1:1.2.1-1build1) ...
Selecting previously unselected package libxdamage1:amd64.
Preparing to unpack .../26-libxdamage1_1%3a1.1.6-1build1_amd64.deb ...
Unpacking libxdamage1:amd64 (1:1.1.6-1build1) ...
Selecting previously unselected package libgtk2.0-0t64:amd64.
Preparing to unpack .../27-libgtk2.0-0t64_2.24.33-4ubuntu1.1_amd64.deb ...
Unpacking libgtk2.0-0t64:amd64 (2.24.33-4ubuntu1.1) ...
Selecting previously unselected package libgail18t64:amd64.
Preparing to unpack .../28-libgail18t64_2.24.33-4ubuntu1.1_amd64.deb ...
Unpacking libgail18t64:amd64 (2.24.33-4ubuntu1.1) ...
Selecting previously unselected package libgail-common:amd64.
Preparing to unpack .../29-libgail-common_2.24.33-4ubuntu1.1_amd64.deb ...
Unpacking libgail-common:amd64 (2.24.33-4ubuntu1.1) ...
Selecting previously unselected package libgdk-pixbuf2.0-bin.
Preparing to unpack .../30-libgdk-pixbuf2.0-bin_2.42.10+dfsg-3ubuntu3.1_amd64.deb ...
Unpacking libgdk-pixbuf2.0-bin (2.42.10+dfsg-3ubuntu3.1) ...
Selecting previously unselected package libgtk2.0-bin.
Preparing to unpack .../31-libgtk2.0-bin_2.24.33-4ubuntu1.1_amd64.deb ...
Unpacking libgtk2.0-bin (2.24.33-4ubuntu1.1) ...
Selecting previously unselected package librsvg2-2:amd64.
Preparing to unpack .../32-librsvg2-2_2.58.0+dfsg-1build1_amd64.deb ...
Unpacking librsvg2-2:amd64 (2.58.0+dfsg-1build1) ...
Selecting previously unselected package librsvg2-common:amd64.
Preparing to unpack .../33-librsvg2-common_2.58.0+dfsg-1build1_amd64.deb ...
Unpacking librsvg2-common:amd64 (2.58.0+dfsg-1build1) ...
Selecting previously unselected package openjdk-17-jre-headless:amd64.
Preparing to unpack .../34-openjdk-17-jre-headless_17.0.12+7-1ubuntu2~24.04_amd64.deb ...
Unpacking openjdk-17-jre-headless:amd64 (17.0.12+7-1ubuntu2~24.04) ...
Selecting previously unselected package openjdk-17-jre:amd64.
Preparing to unpack .../35-openjdk-17-jre_17.0.12+7-1ubuntu2~24.04_amd64.deb ...
Unpacking openjdk-17-jre:amd64 (17.0.12+7-1ubuntu2~24.04) ...
Setting up libpixman-1-0:amd64 (0.42.2-1build1) ...
Setting up libsharpyuv0:amd64 (1.3.2-0.4build3) ...
Setting up fontconfig (2.15.0-1.1ubuntu2) ...
Regenerating fonts cache... done.
Setting up libxdamage1:amd64 (1:1.1.6-1build1) ...
Setting up liblerc4:amd64 (4.0.0+ds-4ubuntu2) ...
Setting up hicolor-icon-theme (0.17-2) ...
Setting up libdatrie1:amd64 (0.2.13-3build1) ...
Setting up libxcb-render0:amd64 (1.15-1ubuntu2) ...
Setting up libxcursor1:amd64 (1:1.2.1-1build1) ...
Setting up libgdk-pixbuf2.0-common (2.42.10+dfsg-3ubuntu3.1) ...
Setting up libdeflate0:amd64 (1.19-1build1.1) ...
Setting up libjbig0:amd64 (2.1-6.1ubuntu2) ...
Setting up libcairo2:amd64 (1.18.0-3build1) ...
Setting up libwebp7:amd64 (1.3.2-0.4build3) ...
Setting up openjdk-17-jre-headless:amd64 (17.0.12+7-1ubuntu2~24.04) ...
update-alternatives: using /usr/lib/jvm/java-17-openjdk-amd64/bin/java to provide /usr/bin/java (java) in auto mode
update-alternatives: using /usr/lib/jvm/java-17-openjdk-amd64/bin/jpackage to provide /usr/bin/jpackage (jpackage) in auto mode
update-alternatives: using /usr/lib/jvm/java-17-openjdk-amd64/bin/keytool to provide /usr/bin/keytool (keytool) in auto mode
update-alternatives: using /usr/lib/jvm/java-17-openjdk-amd64/bin/rmiregistry to provide /usr/bin/rmiregistry (rmiregistry) in auto mode
update-alternatives: using /usr/lib/jvm/java-17-openjdk-amd64/lib/jexec to provide /usr/bin/jexec (jexec) in auto mode
Setting up libtiff6:amd64 (4.5.1+git230720-4ubuntu2.2) ...
Setting up libthai-data (0.1.29-2build1) ...
Setting up libgdk-pixbuf-2.0-0:amd64 (2.42.10+dfsg-3ubuntu3.1) ...
Setting up libcairo-gobject2:amd64 (1.18.0-3build1) ...
Setting up libgtk2.0-common (2.24.33-4ubuntu1.1) ...
Setting up gtk-update-icon-cache (3.24.41-4ubuntu1.1) ...
Setting up libthai0:amd64 (0.1.29-2build1) ...
Setting up libgdk-pixbuf2.0-bin (2.42.10+dfsg-3ubuntu3.1) ...
Setting up libpango-1.0-0:amd64 (1.52.1+ds-1build1) ...
Setting up libpangoft2-1.0-0:amd64 (1.52.1+ds-1build1) ...
Setting up libpangocairo-1.0-0:amd64 (1.52.1+ds-1build1) ...
Setting up librsvg2-2:amd64 (2.58.0+dfsg-1build1) ...
Setting up librsvg2-common:amd64 (2.58.0+dfsg-1build1) ...
Setting up adwaita-icon-theme (46.0-1) ...
update-alternatives: using /usr/share/icons/Adwaita/cursor.theme to provide /usr/share/icons/default/index.theme (x-cursor-theme) in auto mode
Setting up libgtk2.0-0t64:amd64 (2.24.33-4ubuntu1.1) ...
Setting up libgail18t64:amd64 (2.24.33-4ubuntu1.1) ...
Setting up libgtk2.0-bin (2.24.33-4ubuntu1.1) ...
Setting up libgail-common:amd64 (2.24.33-4ubuntu1.1) ...
Setting up humanity-icon-theme (0.6.16) ...
Setting up ubuntu-mono (24.04-0ubuntu1) ...
Processing triggers for man-db (2.12.0-4build2) ...
Processing triggers for libc-bin (2.39-0ubuntu8.3) ...
Processing triggers for ca-certificates-java (20240118) ...
done.
Setting up openjdk-17-jre:amd64 (17.0.12+7-1ubuntu2~24.04) ...
Processing triggers for libgdk-pixbuf-2.0-0:amd64 (2.42.10+dfsg-3ubuntu3.1) ...
Scanning processes...                                                                                                                            
Scanning linux images...                                                                                                                         

Running kernel seems to be up-to-date.

No services need to be restarted.

No containers need to be restarted.

No user sessions are running outdated binaries.

No VM guests are running outdated hypervisor (qemu) binaries on this host.
root@ip-172-31-32-4:~#  sudo apt-get install jenkins
Reading package lists... Done
Building dependency tree... Done
Reading state information... Done
jenkins is already the newest version (2.479).
0 upgraded, 0 newly installed, 0 to remove and 6 not upgraded.
root@ip-172-31-32-4:~# java --version
openjdk 17.0.12 2024-07-16
OpenJDK Runtime Environment (build 17.0.12+7-Ubuntu-1ubuntu224.04)
OpenJDK 64-Bit Server VM (build 17.0.12+7-Ubuntu-1ubuntu224.04, mixed mode, sharing)
root@ip-172-31-32-4:~# systemctl start jenkins
root@ip-172-31-32-4:~# system status jenkins
Command 'system' not found, did you mean:
  command 'system3' from deb simh (3.8.1-6.1)
  command 'systemd' from deb systemd (255.4-1ubuntu8.4)
Try: apt install <deb name>
root@ip-172-31-32-4:~# systemctl status jenkins
● jenkins.service - Jenkins Continuous Integration Server
     Loaded: loaded (/usr/lib/systemd/system/jenkins.service; enabled; preset: enabled)
     Active: active (running) since Tue 2024-10-08 13:53:59 UTC; 8min ago
   Main PID: 6915 (java)
      Tasks: 38 (limit: 1130)
     Memory: 313.0M (peak: 313.2M)
        CPU: 12.725s
     CGroup: /system.slice/jenkins.service
             └─6915 /usr/bin/java -Djava.awt.headless=true -jar /usr/share/java/jenkins.war --webroot=/var/cache/jenkins/war --httpPort=8080

Oct 08 13:53:56 ip-172-31-32-4 jenkins[6915]: Jenkins initial setup is required. An admin user has been created and a password generated.
Oct 08 13:53:56 ip-172-31-32-4 jenkins[6915]: Please use the following password to proceed to installation:
Oct 08 13:53:56 ip-172-31-32-4 jenkins[6915]: 84445820601a4cbda650bfb939a6bd04
Oct 08 13:53:56 ip-172-31-32-4 jenkins[6915]: This may also be found at: /var/lib/jenkins/secrets/initialAdminPassword
Oct 08 13:53:56 ip-172-31-32-4 jenkins[6915]: *************************************************************
Oct 08 13:53:56 ip-172-31-32-4 jenkins[6915]: *************************************************************
Oct 08 13:53:56 ip-172-31-32-4 jenkins[6915]: *************************************************************
Oct 08 13:53:59 ip-172-31-32-4 jenkins[6915]: 2024-10-08 13:53:59.602+0000 [id=29]        INFO        jenkins.InitReactorRunner$1#onAttained: Co>
Oct 08 13:53:59 ip-172-31-32-4 jenkins[6915]: 2024-10-08 13:53:59.624+0000 [id=23]        INFO        hudson.lifecycle.Lifecycle#onReady: Jenkin>
Oct 08 13:53:59 ip-172-31-32-4 systemd[1]: Started jenkins.service - Jenkins Continuous Integration Server.
lines 1-20/20 (END)
